2026-10-08 — v1.3.2
- Correction de la propagation manuelle DOCX/XLSX aux textes équivalents dans la même partie Office.
- Cache PWA actualisé après les derniers correctifs.

2026-10-08 — v1.3.1
- Analyse structurelle JSON avec chemins et indices de tableaux exacts, scanner CSV tenant compte des champs entre guillemets et retours à la ligne.
- Sélection manuelle répétée basée sur les chemins JSON/colonnes CSV, exclusion explicite pour une annotation retirée.
- Actualisation du cache PWA et chargement du moteur structurel.

2026-10-08 — v1.3.0
- Interface responsive sans défilement horizontal, colonnes empilées sur mobile.
- Sel aléatoire prérempli et modifiable, requis à l’ouverture ; pseudonymisation déterministe dépendante du sel.
- Confirmation des exports avec nombre de patterns et occurrences explicitement exclus.
- Extension des heuristiques de noms, prénoms et adresses en champs structurés.
- Tests de stabilité et de sensibilité au sel.

2026-10-08 — v1.2.0
- Pseudonymisation stable et reproductible des mêmes valeurs et types.
- Regroupement des zones par contexte de données et chemin structurel.
- Validation automatique avec exceptions manuelles.
- Extension optionnelle des sélections manuelles aux occurrences identiques dans la même structure.
- Tests du moteur, cache PWA actualisé.

2026-10-08 — v1.1.1
- Correctif critique : restauration des icônes PWA, du workflow GitHub Pages et de .nojekyll supprimés du commit 1.1.
- Nouveau cache Service Worker pour renouveler les assets lors de la mise à jour.

2026-10-08 — v1.1.0
- DOCX et XLSX : inspection des textes OOXML et export des archives adaptées.
- Regroupement des zones répétitives par règle/chemin et application par lot.
- Localisateurs structurels en annotation manuelle (heuristique).
- Nouvelle palette bleu/blanc/rouge et focus clavier visible.
- Cache hors ligne actualisé.

2026-10-08 — v1.0.0
- Première version de l'atelier d'anonymisation local, sans serveur ni dépendances.
- Détection de secrets, emails, téléphones, IP, champs structurés JSON/XML/CSV.
- Vérification, navigation, ajout manuel, restauration et export fidèle avec rapport JSON.
- Encodages UTF-8, UTF-16 et Windows-1252 en repli heuristique; conservation BOM.
- PWA installable et hors ligne sous /anonymise/; workflow GitHub Pages.
